// Jest Snapshot v1, https://goo.gl/fbAQLP

exports[`components/app_bar/app_bar should match snapshot on mount 1`] = `<AppBar />`;
