// Jest Snapshot v1, https://goo.gl/fbAQLP

exports[`components/channel_layout/ChannelController Should add .app-bar-enabled class when app bar is enabled 1`] = `
<div
  className="channel-view"
  id="channel_view"
>
  <Connect(AnnouncementBarController) />
  <Connect(SystemNotice) />
  <withRouter(Connect(injectIntl(FaviconTitleHandlerClass))) />
  <Connect(ProductNoticesModal) />
  <div
    className="container-fluid channel-view-inner app-bar-enabled"
  >
    <Connect(SidebarRight) />
    <Connect(SidebarRightMenu) />
    <withRouter(Connect(TeamSidebar)) />
    <Connect(Sidebar) />
    <Route
      component={
        Object {
          "$$typeof": Symbol(react.memo),
          "WrappedComponent": [Function],
          "compare": null,
          "displayName": "Connect(CenterChannel)",
          "type": [Function],
        }
      }
    />
    <Connect(Pluggable)
      pluggableName="Root"
    />
    <Connect(injectIntl(EditPostModal)) />
    <Connect(ResetStatusModal) />
  </div>
  <AppBar />
</div>
`;

exports[`components/channel_layout/ChannelController Should match snapshot 1`] = `
<div
  className="channel-view"
  id="channel_view"
>
  <Connect(AnnouncementBarController) />
  <Connect(SystemNotice) />
  <withRouter(Connect(injectIntl(FaviconTitleHandlerClass))) />
  <Connect(ProductNoticesModal) />
  <div
    className="container-fluid channel-view-inner app-bar-enabled"
  >
    <Connect(SidebarRight) />
    <Connect(SidebarRightMenu) />
    <withRouter(Connect(TeamSidebar)) />
    <Connect(Sidebar) />
    <Route
      component={
        Object {
          "$$typeof": Symbol(react.memo),
          "WrappedComponent": [Function],
          "compare": null,
          "displayName": "Connect(CenterChannel)",
          "type": [Function],
        }
      }
    />
    <Connect(Pluggable)
      pluggableName="Root"
    />
    <Connect(injectIntl(EditPostModal)) />
    <Connect(ResetStatusModal) />
  </div>
  <AppBar />
</div>
`;
